01-16 17:48:17.736  1470  1845 I C01560/StaStateMachine: After updated, current network status history is 1/1/1/1/1/1/1/1/1/1/.
01-16 17:48:17.736   278   915 I C02d10/HiView-SysEventSource: CheckValidSysEvent: event[NETMANAGER|NET_CONN_MONITOR_STAT|117576] is valid.
01-16 17:48:17.737   278   915 I C02d10/HiView-SysEventSource: CheckValidSysEvent: event[COMMUNICATION|WIFI_CHR_EVENT|117577] is valid.
01-16 17:48:17.752  1011  1343 I C05781/LnnHeartBeat: [kh_heartbeat_conn_adapter.c:405] OnLaneDataReceived# [KHHB]recv hb lane data success, laneId:5, connectionId:131104, data:{"ltype":0,"seq":10131,"ptype":0,"intvl":1000}
01-16 17:48:17.752  1011  1343 I C05781/LnnHeartBeat: [kh_heartbeat_service.c:129] LnnKhHbPostMessageDelay# [KHHB]LnnKhHbPostMessageDelay:type=2 delayMillis=15000!
01-16 17:48:17.752  1011  1343 I C05781/LnnHeartBeat: [kh_heartbeat_conn_adapter.c:704] PostHbData# [KHHB]PostHbData success, laneId:5, data:{"ltype":0,"seq":10131,"ptype":1,"intvl":1000}
01-16 17:48:17.755  1011  1343 I C05781/LnnHeartBeat: [kh_heartbeat_conn_adapter.c:405] OnLaneDataReceived# [KHHB]recv hb lane data success, laneId:5, connectionId:131104, data:{"ltype":0,"seq":10131,"ptype":2,"intvl":1000}
01-16 17:48:17.756  1011  1343 I C05781/LnnHeartBeat: [kh_heartbeat_service.c:129] LnnKhHbPostMessageDelay# [KHHB]LnnKhHbPostMessageDelay:type=2 delayMillis=15000!
01-16 17:48:18.145  1011  1343 I C05781/LnnHeartBeat: [kh_heartbeat_conn_adapter.c:405] OnLaneDataReceived# [KHHB]recv hb lane data success, laneId:6, connectionId:131100, data:{"ltype":0,"seq":4896,"ptype":0,"intvl":1000}
01-16 17:48:18.145  1011  1343 I C05781/LnnHeartBeat: [kh_heartbeat_service.c:129] LnnKhHbPostMessageDelay# [KHHB]LnnKhHbPostMessageDelay:type=2 delayMillis=15000!
01-16 17:48:18.147  1011  1343 I C05781/LnnHeartBeat: [kh_heartbeat_conn_adapter.c:704] PostHbData# [KHHB]PostHbData success, laneId:6, data:{"ltype":0,"seq":4896,"ptype":1,"intvl":1000}
01-16 17:48:18.155   278  1340 E C01719/ffrt: 31225:TrivalOpenQosCtrlNode:62 task 278 belong to user 1201 open qos node failed
01-16 17:48:18.155   278 19171 I C02d10/UDeviceCli: FetchProcessCpuData: send IOCTRL_COLLECT_ALL_PROC_CPU, cmd=2149056513
01-16 17:48:18.156   278 19171 I C02d10/CpuCollector: CalculateProcessCpuStatInfos: startTime=1768556888127, endTime=1768556898156, startMonoTime=17394671, endMonoTime=17404700, period=10029
01-16 17:48:18.156   278 19171 I C02d10/CpuCollector: CollectProcessCpuStatInfos: collect process cpu statistics information size=346, isNeedUpdate=1
01-16 17:48:18.156   278 19171 I C02d10/CpuCollector: TryToDeleteDeadProcessInfo: end to delete dead process, size=348
01-16 17:48:18.164  1011  1343 I C05781/LnnHeartBeat: [kh_heartbeat_conn_adapter.c:405] OnLaneDataReceived# [KHHB]recv hb lane data success, laneId:6, connectionId:131100, data:{"ltype":0,"seq":4896,"ptype":2,"intvl":1000}
01-16 17:48:18.164  1011  1343 I C05781/LnnHeartBeat: [kh_heartbeat_service.c:129] LnnKhHbPostMessageDelay# [KHHB]LnnKhHbPostMessageDelay:type=2 delayMillis=15000!
01-16 17:48:18.303  1011  1289 I C05743/TransCtrl: [softbus_proxychannel_manager.c:1509] TransProxyTimerItemProc# enter.
01-16 17:48:18.754  1011  1342 I C05784/LnnLane: [lnn_trans_lane.c:825] MsgHandler# what=6
01-16 17:48:18.787  1011  1343 I C05781/LnnHeartBeat: [kh_heartbeat_conn_adapter.c:405] OnLaneDataReceived# [KHHB]recv hb lane data success, laneId:5, connectionId:131104, data:{"ltype":0,"seq":10132,"ptype":0,"intvl":1000}
01-16 17:48:18.789  1011  1343 I C05781/LnnHeartBeat: [kh_heartbeat_service.c:129] LnnKhHbPostMessageDelay# [KHHB]LnnKhHbPostMessageDelay:type=2 delayMillis=15000!
01-16 17:48:18.791  1011  1343 I C05781/LnnHeartBeat: [kh_heartbeat_conn_adapter.c:704] PostHbData# [KHHB]PostHbData success, laneId:5, data:{"ltype":0,"seq":10132,"ptype":1,"intvl":1000}
01-16 17:48:18.804  1011  1343 I C05781/LnnHeartBeat: [kh_heartbeat_conn_adapter.c:405] OnLaneDataReceived# [KHHB]recv hb lane data success, laneId:5, connectionId:131104, data:{"ltype":0,"seq":10132,"ptype":2,"intvl":1000}
01-16 17:48:18.804  1011  1343 I C05781/LnnHeartBeat: [kh_heartbeat_service.c:129] LnnKhHbPostMessageDelay# [KHHB]LnnKhHbPostMessageDelay:type=2 delayMillis=15000!
01-16 17:48:19.144  1011  1343 I C05781/LnnHeartBeat: [kh_heartbeat_conn_adapter.c:405] OnLaneDataReceived# [KHHB]recv hb lane data success, laneId:6, connectionId:131100, data:{"ltype":0,"seq":4897,"ptype":0,"intvl":1000}
01-16 17:48:19.144  1011  1343 I C05781/LnnHeartBeat: [kh_heartbeat_service.c:129] LnnKhHbPostMessageDelay# [KHHB]LnnKhHbPostMessageDelay:type=2 delayMillis=15000!
01-16 17:48:19.146  1011  1343 I C05781/LnnHeartBeat: [kh_heartbeat_conn_adapter.c:704] PostHbData# [KHHB]PostHbData success, laneId:6, data:{"ltype":0,"seq":4897,"ptype":1,"intvl":1000}
01-16 17:48:19.170  1011  1343 I C05781/LnnHeartBeat: [kh_heartbeat_conn_adapter.c:405] OnLaneDataReceived# [KHHB]recv hb lane data success, laneId:6, connectionId:131100, data:{"ltype":0,"seq":4897,"ptype":2,"intvl":1000}
01-16 17:48:19.170  1011  1343 I C05781/LnnHeartBeat: [kh_heartbeat_service.c:129] LnnKhHbPostMessageDelay# [KHHB]LnnKhHbPostMessageDelay:type=2 delayMillis=15000!
01-16 17:48:19.300   973  1463 I C02b00/CAMERA_DPS: {operator()()-photo_post_processor.cpp:444} PhotoPostProcessor Watchdog executed, handle: <private>
01-16 17:48:19.300   973  1463 I C02b00/CAMERA_DPS: {ConnectServiceIfNecessary()-photo_post_processor.cpp:399} entered.
01-16 17:48:19.301   277   302 E C02510/devsvc_manager_stub: StubGetService service camera_image_process_service not found
01-16 17:48:19.302   973  1463 E C057c2/IPCObjectProxy: SendRequest 133: failed, handle:8 error:-1 desc:
01-16 17:48:19.302   973  1463 E C02510/hdi_servmgr_client: get hdi service camera_image_process_service failed, -1
01-16 17:48:19.302   973  1463 E C02510/image_process_service_proxy: Get:get remote object failed!
01-16 17:48:19.302   973  1463 I C02b00/CAMERA_DPS: {ConnectServiceIfNecessary()-photo_post_processor.cpp:408} Failed to get ImageProcessService
01-16 17:48:19.302   973  1463 I C02b00/CAMERA_DPS: {ScheduleConnectService()-photo_post_processor.cpp:439} entered.
01-16 17:48:19.302   973  1463 I C02b00/CAMERA_DPS: {StartMonitor()-watch_dog.h:57} (<private>) handle = <private>
01-16 17:48:19.302   973  1463 I C02b00/CAMERA_DPS: {ScheduleConnectService()-photo_post_processor.cpp:447} PhotoPostProcessor Watchdog registered, handle: <private>
01-16 17:48:19.303  1011  1289 I C05743/TransCtrl: [softbus_proxychannel_manager.c:1509] TransProxyTimerItemProc# enter.
01-16 17:48:19.541  9434  9559 I C04100/DHFWK: [DHTimer][Execute]:start
01-16 17:48:19.618  1470  1845 I C01560/OHWIFI_STATE_MACHINE: ExecuteTreeStateMsg, State machine: LinkedState execute Cmd:2
01-16 17:48:19.619   721   721 I C05200/wpa_supplicant: wpa_ctrl_request send success!
01-16 17:48:19.619  1881  1895 I C05200/wpa_supplicant: Processing message
01-16 17:48:19.634   721   721 I C05200/wpa_supplicant: wpa_ctrl_request recv success!
01-16 17:48:19.634  1470  1845 I C01560/WifiFrameWork: SignalPoll, bssid:c4:d4:**:**:**:40, freq:5785, rssi:-53, noise:-92, chload:0, snr:0, ulDelay:0, txLinkSpeed:135, rxLinkSpeed:0, txBytes:0, rxBytes:0, txFailed:0, txPackets:0, rxPackets:0.
01-16 17:48:19.640  1470  1845 I C01560/WifiFrameWork: SignalPoll, networkId:0, ssid:K***ong, rssi:-53, band:2, connState:4, detailedState:10, currentSignal:3, lastSignal:3.
01-16 17:48:19.757  1011  1343 I C05781/LnnHeartBeat: [kh_heartbeat_conn_adapter.c:405] OnLaneDataReceived# [KHHB]recv hb lane data success, laneId:5, connectionId:131104, data:{"ltype":0,"seq":10133,"ptype":0,"intvl":1000}
01-16 17:48:19.758  1011  1343 I C05781/LnnHeartBeat: [kh_heartbeat_service.c:129] LnnKhHbPostMessageDelay# [KHHB]LnnKhHbPostMessageDelay:type=2 delayMillis=15000!
01-16 17:48:19.759  1011  1343 I C05781/LnnHeartBeat: [kh_heartbeat_conn_adapter.c:704] PostHbData# [KHHB]PostHbData success, laneId:5, data:{"ltype":0,"seq":10133,"ptype":1,"intvl":1000}
01-16 17:48:19.773  1011  1343 I C05781/LnnHeartBeat: [kh_heartbeat_conn_adapter.c:405] OnLaneDataReceived# [KHHB]recv hb lane data success, laneId:5, connectionId:131104, data:{"ltype":0,"seq":10133,"ptype":2,"intvl":1000}
01-16 17:48:19.773  1011  1343 I C05781/LnnHeartBeat: [kh_heartbeat_service.c:129] LnnKhHbPostMessageDelay# [KHHB]LnnKhHbPostMessageDelay:type=2 delayMillis=15000!
01-16 17:48:20.146  1011  1343 I C05781/LnnHeartBeat: [kh_heartbeat_conn_adapter.c:405] OnLaneDataReceived# [KHHB]recv hb lane data success, laneId:6, connectionId:131100, data:{"ltype":0,"seq":4898,"ptype":0,"intvl":1000}
01-16 17:48:20.148  1011  1343 I C05781/LnnHeartBeat: [kh_heartbeat_service.c:129] LnnKhHbPostMessageDelay# [KHHB]LnnKhHbPostMessageDelay:type=2 delayMillis=15000!
01-16 17:48:20.149  1011  1343 I C05781/LnnHeartBeat: [kh_heartbeat_conn_adapter.c:704] PostHbData# [KHHB]PostHbData success, laneId:6, data:{"ltype":0,"seq":4898,"ptype":1,"intvl":1000}
01-16 17:48:20.164  1011  1343 I C05781/LnnHeartBeat: [kh_heartbeat_conn_adapter.c:405] OnLaneDataReceived# [KHHB]recv hb lane data success, laneId:6, connectionId:131100, data:{"ltype":0,"seq":4898,"ptype":2,"intvl":1000}
01-16 17:48:20.164  1011  1343 I C05781/LnnHeartBeat: [kh_heartbeat_service.c:129] LnnKhHbPostMessageDelay# [KHHB]LnnKhHbPostMessageDelay:type=2 delayMillis=15000!
01-16 17:48:20.303  1011  1289 I C05743/TransCtrl: [softbus_proxychannel_manager.c:1509] TransProxyTimerItemProc# enter.
01-16 17:48:20.679   988 19168 I C01719/ffrt: 153992:Detach:114 qos 2 thread not joinable.
01-16 17:48:20.680   988 19169 I C01719/ffrt: 153995:Detach:114 qos 2 thread not joinable.
01-16 17:48:20.680   988 19169 I C057c4/IPCThreadSkeleton: ~IPCThreadSkeleton 86: 988_19169
01-16 17:48:20.680   988 19169 I C057d4/DBinderBaseInvoker: ~DBinderDatabusInvoker 41: destroy
01-16 17:48:20.681  1696 19170 I C01719/ffrt: 40727:Detach:114 qos 3 thread not joinable.
01-16 17:48:20.754  1011  1342 I C05784/LnnLane: [lnn_trans_lane.c:825] MsgHandler# what=6
01-16 17:48:20.758  1011  1343 I C05781/LnnHeartBeat: [kh_heartbeat_conn_adapter.c:405] OnLaneDataReceived# [KHHB]recv hb lane data success, laneId:5, connectionId:131104, data:{"ltype":0,"seq":10134,"ptype":0,"intvl":1000}
01-16 17:48:20.758  1011  1343 I C05781/LnnHeartBeat: [kh_heartbeat_service.c:129] LnnKhHbPostMessageDelay# [KHHB]LnnKhHbPostMessageDelay:type=2 delayMillis=15000!
01-16 17:48:20.761  1011  1343 I C05781/LnnHeartBeat: [kh_heartbeat_conn_adapter.c:704] PostHbData# [KHHB]PostHbData success, laneId:5, data:{"ltype":0,"seq":10134,"ptype":1,"intvl":1000}
01-16 17:48:20.778  1011  1343 I C05781/LnnHeartBeat: [kh_heartbeat_conn_adapter.c:405] OnLaneDataReceived# [KHHB]recv hb lane data success, laneId:5, connectionId:131104, data:{"ltype":0,"seq":10134,"ptype":2,"intvl":1000}
01-16 17:48:20.778  1011  1343 I C05781/LnnHeartBeat: [kh_heartbeat_service.c:129] LnnKhHbPostMessageDelay# [KHHB]LnnKhHbPostMessageDelay:type=2 delayMillis=15000!
01-16 17:48:20.865   295   429 I C0d901/Resource-Metrics: url: testmonitor.kaihong.com:4318
01-16 17:48:20.908   872  2332 I C02e00/UPDATE_KITS: [kh_update_mgr_iot.cpp(212)] HandleConnectFailure() login again
01-16 17:48:20.908   872  2332 I C02b02/kaihongcloud-sdk: [MqttBase_CreateConnection:863)] MqttBase: MqttBase_CreateConnection() MQTTAsync_connect begin, serverAddrUrl tcp://test.iot.kaihong.com:1883, user admin mode _0_0_
01-16 17:48:21.097   295   429 I C0d901/Resource-Metrics: ExportResult: 1
01-16 17:48:21.106   295   429 I C0d901/Resource-Metrics: receiveRateBytes:36908002, transmitRateBytes:25599550
01-16 17:48:21.106   295   429 I C0d901/Resource-Metrics: LastReceiveBytes:36786014, LastTransmitBytes:25537283
01-16 17:48:21.106   295   429 I C0d901/Resource-Metrics: receiveRate:1, transmitRate:1
01-16 17:48:21.117   295   429 I C02c02/PARAM: [param_request.c:208]SystemSetParameter name persist.metrics.network.io.receive msgid:576  ret: 0 
01-16 17:48:21.122   295   429 I C02c02/PARAM: [param_request.c:208]SystemSetParameter name persist.metrics.network.io.transmit msgid:577  ret: 0 
01-16 17:48:21.123   295   429 I C0d901/Resource-Metrics: url: testmonitor.kaihong.com:4318
01-16 17:48:21.145  1011  1343 I C05781/LnnHeartBeat: [kh_heartbeat_conn_adapter.c:405] OnLaneDataReceived# [KHHB]recv hb lane data success, laneId:6, connectionId:131100, data:{"ltype":0,"seq":4899,"ptype":0,"intvl":1000}
01-16 17:48:21.145  1011  1343 I C05781/LnnHeartBeat: [kh_heartbeat_service.c:129] LnnKhHbPostMessageDelay# [KHHB]LnnKhHbPostMessageDelay:type=2 delayMillis=15000!
01-16 17:48:21.145  1011  1343 I C05781/LnnHeartBeat: [kh_heartbeat_conn_adapter.c:704] PostHbData# [KHHB]PostHbData success, laneId:6, data:{"ltype":0,"seq":4899,"ptype":1,"intvl":1000}
01-16 17:48:21.149  1011  1343 I C05781/LnnHeartBeat: [kh_heartbeat_conn_adapter.c:405] OnLaneDataReceived# [KHHB]recv hb lane data success, laneId:6, connectionId:131100, data:{"ltype":0,"seq":4899,"ptype":2,"intvl":1000}
01-16 17:48:21.149  1011  1343 I C05781/LnnHeartBeat: [kh_heartbeat_service.c:129] LnnKhHbPostMessageDelay# [KHHB]LnnKhHbPostMessageDelay:type=2 delayMillis=15000!
01-16 17:48:21.175   872  2332 E C02b02/kaihongcloud-sdk: [HandleCallbackFailure:154)] MqttBase: MqttBase_OnConnectFailure() error, messageId 0, code 3, message CONNACK return code
01-16 17:48:21.175   872  2332 I C02e00/UPDATE_KITS: [kh_update_mgr_iot.cpp(198)] HandleConnectFailure() error, messageId 0, code 3, messsage CONNACK return code
01-16 17:48:21.212   579   579 I C015b0/NetsysNativeService: [OnRemoteRequest-(net_dns_result_callback_stub.cpp:31)]Stub call start, code:[0]
01-16 17:48:21.213   579   634 I C015b0/NetConnManager: [NetDetectionForDnsHealthSync-(network.cpp:446)]Enter Network::NetDetectionForDnsHealthSync
01-16 17:48:21.213   579   634 I C015b0/NetConnManager: [NetDetectionForDnsHealthSync-(network.cpp:452)]Last netDetectionState: [2]
01-16 17:48:21.213   579   634 I C015b0/NetConnManager: [NetDetectionForDnsHealthSync-(network.cpp:462)]Not match, no need to restart.
01-16 17:48:21.302  1011  1289 I C05743/TransCtrl: [softbus_proxychannel_manager.c:1509] TransProxyTimerItemProc# enter.
01-16 17:48:21.329   295   429 I C0d901/Resource-Metrics: ExportResult: 1
01-16 17:48:21.757  1011  1343 I C05781/LnnHeartBeat: [kh_heartbeat_conn_adapter.c:405] OnLaneDataReceived# [KHHB]recv hb lane data success, laneId:5, connectionId:131104, data:{"ltype":0,"seq":10135,"ptype":0,"intvl":1000}
01-16 17:48:21.757  1011  1343 I C05781/LnnHeartBeat: [kh_heartbeat_service.c:129] LnnKhHbPostMessageDelay# [KHHB]LnnKhHbPostMessageDelay:type=2 delayMillis=15000!
01-16 17:48:21.759  1011  1343 I C05781/LnnHeartBeat: [kh_heartbeat_conn_adapter.c:704] PostHbData# [KHHB]PostHbData success, laneId:5, data:{"ltype":0,"seq":10135,"ptype":1,"intvl":1000}
01-16 17:48:21.776  1011  1343 I C05781/LnnHeartBeat: [kh_heartbeat_conn_adapter.c:405] OnLaneDataReceived# [KHHB]recv hb lane data success, laneId:5, connectionId:131104, data:{"ltype":0,"seq":10135,"ptype":2,"intvl":1000}
01-16 17:48:21.776  1011  1343 I C05781/LnnHeartBeat: [kh_heartbeat_service.c:129] LnnKhHbPostMessageDelay# [KHHB]LnnKhHbPostMessageDelay:type=2 delayMillis=15000!
01-16 17:48:22.145  1011  1343 I C05781/LnnHeartBeat: [kh_heartbeat_conn_adapter.c:405] OnLaneDataReceived# [KHHB]recv hb lane data success, laneId:6, connectionId:131100, data:{"ltype":0,"seq":4900,"ptype":0,"intvl":1000}
01-16 17:48:22.145  1011  1343 I C05781/LnnHeartBeat: [kh_heartbeat_service.c:129] LnnKhHbPostMessageDelay# [KHHB]LnnKhHbPostMessageDelay:type=2 delayMillis=15000!
01-16 17:48:22.148  1011  1343 I C05781/LnnHeartBeat: [kh_heartbeat_conn_adapter.c:704] PostHbData# [KHHB]PostHbData success, laneId:6, data:{"ltype":0,"seq":4900,"ptype":1,"intvl":1000}
01-16 17:48:22.163  1011  1343 I C05781/LnnHeartBeat: [kh_heartbeat_conn_adapter.c:405] OnLaneDataReceived# [KHHB]recv hb lane data success, laneId:6, connectionId:131100, data:{"ltype":0,"seq":4900,"ptype":2,"intvl":1000}
01-16 17:48:22.163  1011  1343 I C05781/LnnHeartBeat: [kh_heartbeat_service.c:129] LnnKhHbPostMessageDelay# [KHHB]LnnKhHbPostMessageDelay:type=2 delayMillis=15000!
01-16 17:48:22.303  1011  1289 I C05743/TransCtrl: [softbus_proxychannel_manager.c:1509] TransProxyTimerItemProc# enter.
01-16 17:48:22.640  1470  1845 I C01560/OHWIFI_STATE_MACHINE: ExecuteTreeStateMsg, State machine: LinkedState execute Cmd:2
01-16 17:48:22.641   721   721 I C05200/wpa_supplicant: wpa_ctrl_request send success!
01-16 17:48:22.642  1881  1895 I C05200/wpa_supplicant: Processing message
01-16 17:48:22.658   721   721 I C05200/wpa_supplicant: wpa_ctrl_request recv success!
01-16 17:48:22.658  1470  1845 I C01560/WifiFrameWork: SignalPoll, bssid:c4:d4:**:**:**:40, freq:5785, rssi:-53, noise:-92, chload:0, snr:0, ulDelay:0, txLinkSpeed:135, rxLinkSpeed:0, txBytes:0, rxBytes:0, txFailed:0, txPackets:0, rxPackets:0.
01-16 17:48:22.664  1470  1845 I C01560/WifiFrameWork: SignalPoll, networkId:0, ssid:K***ong, rssi:-53, band:2, connState:4, detailedState:10, currentSignal:3, lastSignal:3.
01-16 17:48:22.755  1011  1342 I C05784/LnnLane: [lnn_trans_lane.c:825] MsgHandler# what=6
01-16 17:48:22.757  1011  1343 I C05781/LnnHeartBeat: [kh_heartbeat_conn_adapter.c:405] OnLaneDataReceived# [KHHB]recv hb lane data success, laneId:5, connectionId:131104, data:{"ltype":0,"seq":10136,"ptype":0,"intvl":1000}
01-16 17:48:22.757  1011  1343 I C05781/LnnHeartBeat: [kh_heartbeat_service.c:129] LnnKhHbPostMessageDelay# [KHHB]LnnKhHbPostMessageDelay:type=2 delayMillis=15000!
01-16 17:48:22.757  1011  1343 I C05781/LnnHeartBeat: [kh_heartbeat_conn_adapter.c:704] PostHbData# [KHHB]PostHbData success, laneId:5, data:{"ltype":0,"seq":10136,"ptype":1,"intvl":1000}
01-16 17:48:22.775  1011  1343 I C05781/LnnHeartBeat: [kh_heartbeat_conn_adapter.c:405] OnLaneDataReceived# [KHHB]recv hb lane data success, laneId:5, connectionId:131104, data:{"ltype":0,"seq":10136,"ptype":2,"intvl":1000}
01-16 17:48:22.775  1011  1343 I C05781/LnnHeartBeat: [kh_heartbeat_service.c:129] LnnKhHbPostMessageDelay# [KHHB]LnnKhHbPostMessageDelay:type=2 delayMillis=15000!
01-16 17:48:23.146  1011  1343 I C05781/LnnHeartBeat: [kh_heartbeat_conn_adapter.c:405] OnLaneDataReceived# [KHHB]recv hb lane data success, laneId:6, connectionId:131100, data:{"ltype":0,"seq":4901,"ptype":0,"intvl":1000}
01-16 17:48:23.146  1011  1343 I C05781/LnnHeartBeat: [kh_heartbeat_service.c:129] LnnKhHbPostMessageDelay# [KHHB]LnnKhHbPostMessageDelay:type=2 delayMillis=15000!
01-16 17:48:23.149  1011  1343 I C05781/LnnHeartBeat: [kh_heartbeat_conn_adapter.c:704] PostHbData# [KHHB]PostHbData success, laneId:6, data:{"ltype":0,"seq":4901,"ptype":1,"intvl":1000}
01-16 17:48:23.165  1011  1343 I C05781/LnnHeartBeat: [kh_heartbeat_conn_adapter.c:405] OnLaneDataReceived# [KHHB]recv hb lane data success, laneId:6, connectionId:131100, data:{"ltype":0,"seq":4901,"ptype":2,"intvl":1000}
01-16 17:48:23.165  1011  1343 I C05781/LnnHeartBeat: [kh_heartbeat_service.c:129] LnnKhHbPostMessageDelay# [KHHB]LnnKhHbPostMessageDelay:type=2 delayMillis=15000!
01-16 17:48:23.180   278 19171 I C01719/ffrt: 31235:Detach:114 qos 2 thread not joinable.
01-16 17:48:23.181   990  1250 I C0d600/KhAppexecfwk: [khability_connect_ability_mgr.cpp(UpgradeCheck:90)]UpgradeCheck
01-16 17:48:23.268   278   768 I C02d10/HiView-Monitor: CollectPerfProfiler: collect performance profiler
01-16 17:48:23.303  1011  1289 I C05743/TransCtrl: [softbus_proxychannel_manager.c:1509] TransProxyTimerItemProc# enter.
01-16 17:48:23.734   579  9385 I C015b0/NetConnManager: [SendProbe-(net_http_probe.cpp:98)]Send net:[101] HTTP&HTTPS probe in
01-16 17:48:23.738   579  9385 E C015b0/NetConnManager: [SetProxyOption-(net_http_probe.cpp:370)]global http proxy or network proxy is empty.
01-16 17:48:23.738   579  9385 I C015b0/NetConnManager: [SendDnsProbe-(net_http_probe.cpp:464)]Get net[101] ip addr for HTTP&HTTPS probe url 
01-16 17:48:23.740   986  1065 I C015b0/NetsysNativeService: [Send-(fwmark_client.cpp:68)]FwmarkClient: socketFd_: 31
01-16 17:48:23.740   986  1130 I C015b0/NetsysNativeService: [SetMark-(fwmark_network.cpp:99)]FwmarkNetwork: SetMark netId: 101, socketFd:32, cmd:0
01-16 17:48:23.740   986  1130 I C015b0/NetsysNativeService: [CloseSocket-(fwmark_network.cpp:78)]NO_ERROR_CODE CloseSocket socket:32, ret:0
01-16 17:48:23.740   986  1130 I C015b0/NetsysNativeService: [CloseSocket-(fwmark_network.cpp:78)]NO_ERROR_CODE CloseSocket socket:9, ret:4
01-16 17:48:23.808  1011  1343 I C05781/LnnHeartBeat: [kh_heartbeat_conn_adapter.c:405] OnLaneDataReceived# [KHHB]recv hb lane data success, laneId:5, connectionId:131104, data:{"ltype":0,"seq":10137,"ptype":0,"intvl":1000}
01-16 17:48:23.808  1011  1343 I C05781/LnnHeartBeat: [kh_heartbeat_service.c:129] LnnKhHbPostMessageDelay# [KHHB]LnnKhHbPostMessageDelay:type=2 delayMillis=15000!
01-16 17:48:23.810  1011  1343 I C05781/LnnHeartBeat: [kh_heartbeat_conn_adapter.c:704] PostHbData# [KHHB]PostHbData success, laneId:5, data:{"ltype":0,"seq":10137,"ptype":1,"intvl":1000}
01-16 17:48:23.847  1011  1343 I C05781/LnnHeartBeat: [kh_heartbeat_conn_adapter.c:405] OnLaneDataReceived# [KHHB]recv hb lane data success, laneId:5, connectionId:131104, data:{"ltype":0,"seq":10137,"ptype":2,"intvl":1000}
01-16 17:48:23.847  1011  1343 I C05781/LnnHeartBeat: [kh_heartbeat_service.c:129] LnnKhHbPostMessageDelay# [KHHB]LnnKhHbPostMessageDelay:type=2 delayMillis=15000!
01-16 17:48:23.848   986  1065 I C015b0/NetsysNativeService: [FillAddrInfo-(dns_manager.cpp:202)]FillAddrInfo 6
01-16 17:48:23.894   579  9385 I C015b0/NetConnManager: [RecvHttpProbeResponse-(net_http_probe.cpp:539)]Recv net[101] http probe response, code:[204], redirectUrl:[http://connectivitycheck.platform.hicloud.com/generate_204]
01-16 17:48:23.894   579  9385 I C015b0/NetConnManager: [RecvHttpProbeResponse-(net_http_probe.cpp:543)]Recv net[101] https probe response, code:[204], redirectUrl:[https://connectivitycheck.platform.hicloud.com/generate_204]
01-16 17:48:23.896   579  9385 I C015b0/NetConnManager: [Detection-(net_monitor.cpp:109)]Net[101] probe success
01-16 17:48:23.896  1470  1484 E C015b0/NetConnManager: [OnNetDetectionResult-(net_detection_callback_stub.cpp:54)]Execute ContainFileDescriptors failed
01-16 17:48:23.896  1470  1484 I C01560/WifiNetObserver: OnNetDetectionResultChanged nettype:1, url:https://connectivitycheck.platform.hicloud.com/generate_204
01-16 17:48:23.897  1470  1845 I C01560/OHWIFI_STATE_MACHINE: ExecuteTreeStateMsg, State machine: LinkedState execute Cmd:12316
01-16 17:48:23.897  1470  1845 I C01560/StaStateMachine: netdetection, netstate:1 url:.
01-16 17:48:23.897  1470  1845 I C01560/StaStateMachine: Enter HandleNetCheckResult, netState:1 screen:1.
01-16 17:48:23.897  1470  1845 I C01560/StaStateMachine: HandleNetCheckResult network state is working
01-16 17:48:23.897  1470  1845 I C01560/WifiStaManager: Enter, DealStaConnChanged, state: 19, instId: 0, ssid: KaiHong, bssid: c4:d4:38:64:d0:40
01-16 17:48:23.897  1470  1845 I C01562/ScanInterface: Enter ScanInterface::OnClientModeStatusChanged, staStatus=19.
01-16 17:48:23.897  1470  1845 I C01562/ScanService: Enter ScanService::HandleNetworkQualityChanged, change to status: 19.
01-16 17:48:23.898  1470  1845 E C01560/OHWIFI_MANAGER_LOCK_MANAGER: Failed to update wifi power mode for connect state change
01-16 17:48:23.898  1470  1845 I C01560/StaStateMachine: After updated, current network status history is 1/1/1/1/1/1/1/1/1/1/.
01-16 17:48:23.899   278   915 I C02d10/HiView-SysEventSource: CheckValidSysEvent: event[NETMANAGER|NET_CONN_MONITOR_STAT|117578] is valid.
01-16 17:48:23.900   278   915 I C02d10/HiView-SysEventSource: CheckValidSysEvent: event[COMMUNICATION|WIFI_CHR_EVENT|117579] is valid.
01-16 17:48:24.146  1011  1343 I C05781/LnnHeartBeat: [kh_heartbeat_conn_adapter.c:405] OnLaneDataReceived# [KHHB]recv hb lane data success, laneId:6, connectionId:131100, data:{"ltype":0,"seq":4902,"ptype":0,"intvl":1000}
01-16 17:48:24.147  1011  1343 I C05781/LnnHeartBeat: [kh_heartbeat_service.c:129] LnnKhHbPostMessageDelay# [KHHB]LnnKhHbPostMessageDelay:type=2 delayMillis=15000!
01-16 17:48:24.149  1011  1343 I C05781/LnnHeartBeat: [kh_heartbeat_conn_adapter.c:704] PostHbData# [KHHB]PostHbData success, laneId:6, data:{"ltype":0,"seq":4902,"ptype":1,"intvl":1000}
01-16 17:48:24.165  1011  1343 I C05781/LnnHeartBeat: [kh_heartbeat_conn_adapter.c:405] OnLaneDataReceived# [KHHB]recv hb lane data success, laneId:6, connectionId:131100, data:{"ltype":0,"seq":4902,"ptype":2,"intvl":1000}
01-16 17:48:24.165  1011  1343 I C05781/LnnHeartBeat: [kh_heartbeat_service.c:129] LnnKhHbPostMessageDelay# [KHHB]LnnKhHbPostMessageDelay:type=2 delayMillis=15000!
01-16 17:48:24.215   579   579 I C015b0/NetsysNativeService: [OnRemoteRequest-(net_dns_result_callback_stub.cpp:31)]Stub call start, code:[0]
01-16 17:48:24.216   579   634 I C015b0/NetConnManager: [NetDetectionForDnsHealthSync-(network.cpp:446)]Enter Network::NetDetectionForDnsHealthSync
01-16 17:48:24.216   579   634 I C015b0/NetConnManager: [NetDetectionForDnsHealthSync-(network.cpp:452)]Last netDetectionState: [2]
01-16 17:48:24.216   579   634 I C015b0/NetConnManager: [NetDetectionForDnsHealthSync-(network.cpp:462)]Not match, no need to restart.
01-16 17:48:24.303  1011  1289 I C05743/TransCtrl: [softbus_proxychannel_manager.c:1509] TransProxyTimerItemProc# enter.
01-16 17:48:24.541  9434  9559 I C04100/DHFWK: [DHTimer][Execute]:start
01-16 17:48:24.567 19161 19161 I C05740/TransSdk: [client_trans_session_service.c:647] CloseSession# sessionId=1
01-16 17:48:24.567 19161 19161 E C05740/TransSdk: [client_trans_session_manager.c:842] ClientGetChannelBySessionId# not found by sessionId=1
01-16 17:48:24.567 19161 19161 E C05740/TransSdk: [client_trans_session_service.c:658] CloseSession# get channel err: ret=-426115031
01-16 17:48:24.569 19161 19161 W C05740/TransSdk: [client_trans_session_service.c:154] RemoveSessionServer# pkgName=com.huawei.ros2_rmw_dsoftbus, sessionName=*mw_dsoftbus.test
01-16 17:48:24.570  1011  1482 I C05701/CommSvc: [softbus_server_stub.cpp:543] RemoveSessionServerInner# enter
01-16 17:48:24.571  1011  1482 I C05743/TransCtrl: [trans_session_manager.c:204] TransSessionServerDelItem# destroy session server sessionName=*mw_dsoftbus.test
01-16 17:48:24.572 19161 19161 I C05740/TransSdk: [client_trans_session_manager.c:291] DestroyClientSessionServer# destroy session server sessionName=*mw_dsoftbus.test
01-16 17:48:24.572 19161 19161 I C05740/TransSdk: [client_trans_session_service.c:172] RemoveSessionServer# ok: ret=0
01-16 17:48:24.572 19161 19161 W C057c1/ProcessSkeleton: ~ProcessSkeleton 51: destroy
01-16 17:48:24.572 19161 19161 E C057c2/IPCObjectProxy: OnLastStrongRef 325: skeleton is null
01-16 17:48:24.573 19161 19161 W C057c1/ProcessSkeleton: AttachDeadObject 179: instance is exiting
01-16 17:48:24.575  1011  1482 W C057c2/IPCObjectProxy: SendObituary 442: handle:30 desc:OHOS.ISoftBusClient
01-16 17:48:24.575  1011  1482 I C05701/CommSvc: [softbus_client_info_manager.cpp:73] SoftbusRemoveService# SoftbusRemoveService, pid=19161, pkgname=com.huawei.ros2_rmw_dsoftbus
01-16 17:48:24.575  1011  1482 I C05701/CommSvc: [softbus_server_death_recipient.cpp:28] OnRemoteDied# client service died, remove it from softbus server. pkgName=com.huawei.ros2_rmw_dsoftbus
01-16 17:48:24.575  1011  1482 I C057a1/DiscControl: [disc_manager.c:1296] DiscMgrDeathCallback# pkg is dead. pkgName=com.huawei.ros2_rmw_dsoftbus
01-16 17:48:24.575  1011  1482 W C05743/TransCtrl: [softbus_proxychannel_manager.c:1789] TransProxyDeathCallback# TransProxyDeathCallback: pkgName=com.huawei.ros2_rmw_dsoftbus, pid=19161
01-16 17:48:24.575  1011  1482 I C05743/TransCtrl: [softbus_proxychannel_manager.c:1767] TransProxyDestroyChannelList# enter.
01-16 17:48:24.575  1011  1482 W C05743/TransCtrl: [trans_tcp_direct_manager.c:228] TransTdcDeathCallback# TransTdcDeathCallback: pkgName=com.huawei.ros2_rmw_dsoftbus, pid=19161
01-16 17:48:24.575  1011  1482 W C05743/TransCtrl: [trans_lane_manager.c:224] TransLaneMgrDeathCallback# TransLaneMgrDeathCallback: pkgName=com.huawei.ros2_rmw_dsoftbus, pid=19161
01-16 17:48:24.575  1011  1482 W C05743/TransCtrl: [trans_udp_negotiation.c:1116] TransUdpDeathCallback# TransUdpDeathCallback: pkgName=com.huawei.ros2_rmw_dsoftbus, pid=19161
01-16 17:48:24.575  1011  1482 I C05743/TransCtrl: [trans_udp_negotiation.c:1148] TransUdpDeathCallback# TransUdpDeathCallback end pkgName=com.huawei.ros2_rmw_dsoftbus
01-16 17:48:24.575  1011  1482 I C05743/TransCtrl: [trans_session_manager.c:232] TransDelItemByPackageName# del pkgName=com.huawei.ros2_rmw_dsoftbus
01-16 17:48:24.575  1062 19160 I C02d13/HDC_LOG: [async_cmd.cpp:84] FinishShellProc finish pipeRead fd:49 pid:19158
01-16 17:48:24.575  1062 19160 I C02d13/HDC_LOG: [task.cpp:50] HdcTaskBase::TaskFinish notify begin channelId:1162365883
01-16 17:48:24.576  1062 19160 I C02d13/HDC_LOG: [task.cpp:52] HdcTaskBase::TaskFinish notify end channelId:1162365883
01-16 17:48:24.576  1062  1390 I C02d13/HDC_LOG: [daemon.cpp:397] FetchCommand channelId:1162365883 command:2
01-16 17:48:24.576  1062  1390 I C02d13/HDC_LOG: [session.cpp:107] BeginRemoveTask taskType:0 channelId:1162365883
01-16 17:48:24.577  1062  1390 I C02d13/HDC_LOG: [session.cpp:161] ClearOwnTasks OP_CLEAR finish, sessionId:2423676539 channelIDInput:1162365883
01-16 17:48:24.577  1062  1390 I C02d13/HDC_LOG: [session.cpp:119] TaskDelay task remove retry count 0/30, taskType:0 channelId:1162365883, sessionId:2423676539
01-16 17:48:24.577  1062  1390 I C02d13/HDC_LOG: [async_cmd.cpp:53] ReadyForRelease close fd:-1 pid:19158
01-16 17:48:24.577  1062  1390 I C02d13/HDC_LOG: [daemon_unity.cpp:27] ~HdcDaemonUnity channelId:1162365883
01-16 17:48:24.577  1062  1390 I C02d13/HDC_LOG: [task.cpp:37] ~HdcTaskBase channelId:1162365883
01-16 17:48:24.577  1062  1390 I C02d13/HDC_LOG: [session.cpp:127] TaskDelay task remove finish, channelId:1162365883
01-16 17:48:24.592  1062  1390 I C02d13/HDC_LOG: [daemon.cpp:397] FetchCommand channelId:1162365883 command:2
01-16 17:48:24.755  1011  1342 I C05784/LnnLane: [lnn_trans_lane.c:825] MsgHandler# what=6
01-16 17:48:24.759  1011  1343 I C05781/LnnHeartBeat: [kh_heartbeat_conn_adapter.c:405] OnLaneDataReceived# [KHHB]recv hb lane data success, laneId:5, connectionId:131104, data:{"ltype":0,"seq":10138,"ptype":0,"intvl":1000}
01-16 17:48:24.759  1011  1343 I C05781/LnnHeartBeat: [kh_heartbeat_service.c:129] LnnKhHbPostMessageDelay# [KHHB]LnnKhHbPostMessageDelay:type=2 delayMillis=15000!
01-16 17:48:24.761  1011  1343 I C05781/LnnHeartBeat: [kh_heartbeat_conn_adapter.c:704] PostHbData# [KHHB]PostHbData success, laneId:5, data:{"ltype":0,"seq":10138,"ptype":1,"intvl":1000}
01-16 17:48:24.778  1011  1343 I C05781/LnnHeartBeat: [kh_heartbeat_conn_adapter.c:405] OnLaneDataReceived# [KHHB]recv hb lane data success, laneId:5, connectionId:131104, data:{"ltype":0,"seq":10138,"ptype":2,"intvl":1000}
01-16 17:48:24.778  1011  1343 I C05781/LnnHeartBeat: [kh_heartbeat_service.c:129] LnnKhHbPostMessageDelay# [KHHB]LnnKhHbPostMessageDelay:type=2 delayMillis=15000!
01-16 17:48:25.146  1011  1343 I C05781/LnnHeartBeat: [kh_heartbeat_conn_adapter.c:405] OnLaneDataReceived# [KHHB]recv hb lane data success, laneId:6, connectionId:131100, data:{"ltype":0,"seq":4903,"ptype":0,"intvl":1000}
01-16 17:48:25.146  1011  1343 I C05781/LnnHeartBeat: [kh_heartbeat_service.c:129] LnnKhHbPostMessageDelay# [KHHB]LnnKhHbPostMessageDelay:type=2 delayMillis=15000!
01-16 17:48:25.148  1011  1343 I C05781/LnnHeartBeat: [kh_heartbeat_conn_adapter.c:704] PostHbData# [KHHB]PostHbData success, laneId:6, data:{"ltype":0,"seq":4903,"ptype":1,"intvl":1000}
01-16 17:48:25.149   296  1494 I C0d101/: [khdeviceauthservice][ScheduleCleanDeviceFound]:ScheduleCleanDeviceFound start
01-16 17:48:25.149   296  1494 I C0d101/: [khdeviceauthservice][ScheduleCleanDeviceFound]:ScheduleCleanDeviceFound end
01-16 17:48:25.163  1011  1343 I C05781/LnnHeartBeat: [kh_heartbeat_conn_adapter.c:405] OnLaneDataReceived# [KHHB]recv hb lane data success, laneId:6, connectionId:131100, data:{"ltype":0,"seq":4903,"ptype":2,"intvl":1000}
01-16 17:48:25.163  1011  1343 I C05781/LnnHeartBeat: [kh_heartbeat_service.c:129] LnnKhHbPostMessageDelay# [KHHB]LnnKhHbPostMessageDelay:type=2 delayMillis=15000!
01-16 17:48:25.239  1062  1390 I C02d13/HDC_LOG: [daemon.cpp:397] FetchCommand channelId:3775530063 command:1001
01-16 17:48:25.240  1062  1390 E C02c02/PARAM: [param_manager.c:736]SystemReadParam failed! name is:persist.hdc.control.shell, errNum is:106!
01-16 17:48:25.240  1062  1390 I C02d13/HDC_LOG: [session.cpp:1335] New HTaskInfo channelId:3775530063 command:1001
01-16 17:48:25.240  1062  1390 I C02d13/HDC_LOG: [session.cpp:750] AdminTask add session 2423676539, channelId 3775530063, mapTask size: 1
01-16 17:48:25.240  1062  1390 I C02d13/HDC_LOG: [task.cpp:32] HdcTaskBase channelId:3775530063
01-16 17:48:25.240  1062  1390 E C02c02/PARAM: [param_manager.c:736]SystemReadParam failed! name is:persist.hdc.root, errNum is:106!
01-16 17:48:25.240  1062  1390 W C02d13/HDC_LOG: [async_cmd.cpp:110] GetDevItem false key:persist.hdc.root
01-16 17:48:25.240  1062 19178 I C02d13/HDC_LOG: [async_cmd.cpp:212] Popen pipe fds[pipeRead]:49 fds[pipeWrite]:50, mode 0
01-16 17:48:25.241  1062  1390 I C02d13/HDC_LOG: [async_cmd.cpp:262] ExecuteCommand cmd:hilog -x fd:49 pid:19179
